Microchip MPLAB XC8 Compiler V2.41

Linker command line:

-W-3 \
  --edf=C:/Program Files/Microchip/MPLABX/v6.10/packs/Microchip/PIC16Fxxx_DFP/1.4.149/xc8\pic\dat\20230322214319_en.msgs \
  -cn -h+dist/default/debug\PIC16F887.X.debug.sym \
  --cmf=dist/default/debug\PIC16F887.X.debug.cmf -z -Q16F887 \
  -oC:\Users\ngoxu\AppData\Local\Temp\xcAsbp4.\driver_tmp_3.o \
  --defsym=__MPLAB_BUILD=1 --fixupoverflow=error \
  -Mdist/default/debug/PIC16F887.X.debug.map \
  --md=C:\Users\ngoxu\AppData\Local\Temp\xcAsbp4.\driver_tmp_0.dat -E1 \
  -ver=XC8 Compiler --acfsm=1493 -ACODE=00h-07FFhx4 -ASTRCODE=00h-01FFFh \
  -ASTRING=00h-0FFhx32 -ACONST=00h-0FFhx32 -AENTRY=00h-0FFhx32 \
  -ACOMMON=070h-07Fh -ABANK0=020h-06Fh -ABANK1=0A0h-0EFh \
  -ABANK2=0110h-016Fh -ABANK3=0190h-01EFh \
  -ARAM=020h-06Fh,0A0h-0EFh,0110h-016Fh,0190h-01EFh \
  -AABS1=020h-07Fh,0A0h-0EFh,0110h-016Fh,0190h-01EFh -ASFR0=00h-01Fh \
  -ASFR1=080h-09Fh -ASFR2=0100h-010Fh -ASFR3=0180h-018Fh \
  -ACONFIG=02007h-02008h -DCONFIG=2 -AIDLOC=02000h-02003h -DIDLOC=2 \
  -AEEDATA=00h-0FFh/02100h -peeprom_data=EEDATA -DEEDATA=2 -DCODE=2 \
  -DSTRCODE=2 -DSTRING=2 -DCONST=2 -DENTRY=2 \
  -preset_vec=00h,intentry=04h,init,end_init -ppowerup=CODE -pcinit=CODE \
  -pfunctab=ENTRY -k \
  C:\Users\ngoxu\AppData\Local\Temp\xcAsbp4.\driver_tmp_12.o \
  dist/default/debug\PIC16F887.X.debug.o 

Object code version is 3.11

Machine type is 16F887



                Name                               Link     Load   Length Selector   Space Scale
C:\Users\ngoxu\AppData\Local\Temp\xcAsbp4.\driver_tmp_12.o
                end_init                              C        C        3        8       0
                reset_vec                             0        0        3        0       0
                config                             2007     2007        2        0       4
                idloc                              2000     2000        4        0       5
dist/default/debug\PIC16F887.X.debug.o
                cinit                                 F        F       2B        8       0
                intentry                              4        4        8        8       0
                config                             2007     2007        2        0       4
                idloc                              2000     2000        4        0       5
                text19                              415      415       16        8       0
                text18                              4BD      4BD        6      924       0
                text17                              492      492        B      924       0
                text16                              296      296       69        8       0
                text15                              2FF      2FF       5B        8       0
                text14                              21A      21A       7C        8       0
                text13                              105      105       90        8       0
                text12                              465      465       13        8       0
                text11                              4AF      4AF        8      924       0
                text10                              4B7      4B7        6      924       0
                text9                               452      452       13        8       0
                text8                               38D      38D       2B        8       0
                text7                               35A      35A       33        8       0
                text6                                3A       3A       CB        8       0
                text5                               478      478        E        8       0
                text4                               49D      49D        A      924       0
                text3                               3DE      3DE       1F        8       0
                text2                               195      195       85        8       0
                text1                               3FD      3FD       18        8       0
                maintext                            3B8      3B8       26        8       0
                cstackBANK0                          53       53       13       20       1
                cstackCOMMON                         70       70        6       70       1
                clrtext                             4A7      4A7        8      924       0
                inittext                            43F      43F       13        8       0
                dataBANK1                            A0       A0       14       A0       1
                dataBANK0                            66       66        2       20       1
                bssBANK0                             20       20       33       20       1
                bssCOMMON                            76       76        5       70       1
                strings                             486      486        C      90C       0
                idataBANK1                          42B      42B       14        8       0
                idataBANK0                          4C3      4C3        2      924       0

TOTAL           Name                               Link     Load   Length     Space
        CLASS   CODE           
                end_init                              C        C        3         0
                cinit                                 F        F       2B         0
                intentry                              4        4        8         0
                reset_vec                             0        0        3         0
                text19                              415      415       16         0
                text18                              4BD      4BD        6         0
                text17                              492      492        B         0
                text16                              296      296       69         0
                text15                              2FF      2FF       5B         0
                text14                              21A      21A       7C         0
                text13                              105      105       90         0
                text12                              465      465       13         0
                text11                              4AF      4AF        8         0
                text10                              4B7      4B7        6         0
                text9                               452      452       13         0
                text8                               38D      38D       2B         0
                text7                               35A      35A       33         0
                text6                                3A       3A       CB         0
                text5                               478      478        E         0
                text4                               49D      49D        A         0
                text3                               3DE      3DE       1F         0
                text2                               195      195       85         0
                text1                               3FD      3FD       18         0
                maintext                            3B8      3B8       26         0
                clrtext                             4A7      4A7        8         0
                inittext                            43F      43F       13         0
                idataBANK1                          42B      42B       14         0
                idataBANK0                          4C3      4C3        2         0

        CLASS   STRCODE        

        CLASS   STRING         
                strings                             486      486        C         0

        CLASS   CONST          

        CLASS   ENTRY          

        CLASS   COMMON         
                cstackCOMMON                         70       70        6         1
                bssCOMMON                            76       76        5         1

        CLASS   BANK0          
                cstackBANK0                          53       53       13         1
                dataBANK0                            66       66        2         1
                bssBANK0                             20       20       33         1

        CLASS   BANK1          
                dataBANK1                            A0       A0       14         1

        CLASS   BANK2          

        CLASS   BANK3          

        CLASS   RAM            

        CLASS   ABS1           
                abs_s1                               7E       7E        2         1

        CLASS   SFR0           

        CLASS   SFR1           

        CLASS   SFR2           

        CLASS   SFR3           

        CLASS   CONFIG         
                config                             2007     2007        2         4

        CLASS   IDLOC          
                idloc                              2000     2000        4         5

        CLASS   EEDATA         

        CLASS   STACK          



SEGMENTS        Name                           Load    Length   Top    Selector   Space  Class     Delta

                reset_vec                      000000  000003  000003         0       0  CODE        2
                intentry                       000004  000482  000486         8       0  CODE        2
                bssBANK0                       000020  000048  000068        20       1  BANK0       1
                cstackCOMMON                   000070  00000B  00007B        70       1  COMMON      1
                dataBANK1                      0000A0  000014  0000B4        A0       1  BANK1       1
                strings                        000486  00000C  000492       90C       0  STRING      2
                text17                         000492  000033  0004C5       924       0  CODE        2


UNUSED ADDRESS RANGES

        Name                Unused          Largest block    Delta
        BANK0            0068-006F              8           1
        BANK1            00B4-00EF             3C           1
        BANK2            0110-016F             60           1
        BANK3            0190-01EF             60           1
        CODE             0003-0003              1           2
                         04C5-1FFF            800
        COMMON           007B-007D              3           1
        CONST            0003-0003              1           2
                         04C5-1FFF            100
        EEDATA           2100-21FF            100           2
        ENTRY            0003-0003              1           2
                         04C5-1FFF            100
        RAM              0068-006F              8           1
                         00B4-00EF             3C
                         0110-016F             60
                         0190-01EF             60
        SFR0             0000-001F             20           1
        SFR1             0080-009F             20           1
        SFR2             0100-010F             10           1
        SFR3             0180-018F             10           1
        STRCODE          0003-0003              1           2
                         04C5-1FFF           1B3B
        STRING           0003-0003              1           2
                         04C5-1FFF            100

                                  Symbol Table

?___awdiv                cstackCOMMON 0072
?___awmod                cstackBANK0  0057
?___wmul                 cstackCOMMON 0072
_ADCON0                  (abs)        001F
_ADCON0bits              (abs)        001F
_ADCON1                  (abs)        009F
_ADRESH                  (abs)        001E
_ADRESL                  (abs)        009E
_ANSEL                   (abs)        0188
_ANSELH                  (abs)        0189
_ANSELbits               (abs)        0188
_BRG16                   (abs)        0C3B
_BRGH                    (abs)        04C2
_CREN                    (abs)        00C4
_GIE                     (abs)        005F
_GO_nDONE                (abs)        00F9
_INTCONbits              (abs)        000B
_OERR                    (abs)        00C1
_OPTION_REG              (abs)        0081
_PEIE                    (abs)        005E
_PORTC                   (abs)        0007
_PORTD                   (abs)        0008
_RB0                     (abs)        0030
_RB1                     (abs)        0031
_RB2                     (abs)        0032
_RB3                     (abs)        0033
_RB6                     (abs)        0036
_RB7                     (abs)        0037
_RCIDL                   (abs)        0C3E
_RCIE                    (abs)        0465
_RCIF                    (abs)        0065
_RCREG                   (abs)        001A
_RX9                     (abs)        00C6
_SPBRG                   (abs)        0099
_SPEN                    (abs)        00C7
_SYNC                    (abs)        04C4
_TMR0                    (abs)        0001
_TMR0IF                  (abs)        005A
_TRISBbits               (abs)        0086
_TRISC                   (abs)        0087
_TRISC6                  (abs)        043E
_TRISC7                  (abs)        043F
_TRISD                   (abs)        0088
_TRISEbits               (abs)        0089
_TX9                     (abs)        04C6
_TXEN                    (abs)        04C5
_TXIE                    (abs)        0464
_TXIF                    (abs)        0064
_TXREG                   (abs)        0019
_WPUB                    (abs)        0095
__H__absolute__          __absolute__ 0000
__Habs1                  abs1         0000
__Hbank0                 bank0        0000
__Hbank1                 bank1        0000
__Hbank2                 bank2        0000
__Hbank3                 bank3        0000
__HbssBANK0              bssBANK0     0000
__HbssCOMMON             bssCOMMON    0000
__Hcinit                 cinit        003A
__Hclrtext               clrtext      0000
__Hcode                  code         0000
__Hcommon                common       0000
__Hconfig                config       2009
__HcstackBANK0           cstackBANK0  0000
__HcstackCOMMON          cstackCOMMON 0000
__HdataBANK0             dataBANK0    0000
__HdataBANK1             dataBANK1    0000
__Heeprom_data           eeprom_data  0000
__Hend_init              end_init     000F
__Hfunctab               functab      0000
__HidataBANK0            idataBANK0   0000
__HidataBANK1            idataBANK1   0000
__Hidloc                 idloc        2004
__Hinit                  init         000C
__Hinittext              inittext     0000
__Hintentry              intentry     000C
__Hmaintext              maintext     0000
__Hpowerup               powerup      0000
__Hram                   ram          0000
__Hreset_vec             reset_vec    0003
__Hsfr0                  sfr0         0000
__Hsfr1                  sfr1         0000
__Hsfr2                  sfr2         0000
__Hsfr3                  sfr3         0000
__Hspace_0               (abs)        04C5
__Hspace_1               (abs)        00B4
__Hspace_2               (abs)        0000
__Hspace_3               (abs)        0000
__Hspace_4               (abs)        4010
__Hstack                 stack        0000
__Hstrings               strings      0000
__Htext                  text         0000
__L__absolute__          __absolute__ 0000
__Labs1                  abs1         0000
__Lbank0                 bank0        0000
__Lbank1                 bank1        0000
__Lbank2                 bank2        0000
__Lbank3                 bank3        0000
__LbssBANK0              bssBANK0     0000
__LbssCOMMON             bssCOMMON    0000
__Lcinit                 cinit        000F
__Lclrtext               clrtext      0000
__Lcode                  code         0000
__Lcommon                common       0000
__Lconfig                config       0000
__LcstackBANK0           cstackBANK0  0000
__LcstackCOMMON          cstackCOMMON 0000
__LdataBANK0             dataBANK0    0000
__LdataBANK1             dataBANK1    0000
__Leeprom_data           eeprom_data  0000
__Lend_init              end_init     000C
__Lfunctab               functab      0000
__LidataBANK0            idataBANK0   0000
__LidataBANK1            idataBANK1   0000
__Lidloc                 idloc        0000
__Linit                  init         000C
__Linittext              inittext     0000
__Lintentry              intentry     0004
__Lmaintext              maintext     0000
__Lpowerup               powerup      0000
__Lram                   ram          0000
__Lreset_vec             reset_vec    0000
__Lsfr0                  sfr0         0000
__Lsfr1                  sfr1         0000
__Lsfr2                  sfr2         0000
__Lsfr3                  sfr3         0000
__Lspace_0               (abs)        0000
__Lspace_1               (abs)        0000
__Lspace_2               (abs)        0000
__Lspace_3               (abs)        0000
__Lspace_4               (abs)        0000
__Lstack                 stack        0000
__Lstrings               strings      0000
__Ltext                  text         0000
__S0                     (abs)        04C5
__S1                     (abs)        00B4
__S3                     (abs)        0000
___awdiv                 text16       0296
___awdiv@counter         cstackBANK0  0053
___awdiv@dividend        cstackCOMMON 0074
___awdiv@divisor         cstackCOMMON 0072
___awdiv@quotient        cstackBANK0  0055
___awdiv@sign            cstackBANK0  0054
___awmod                 text15       02FF
___awmod@counter         cstackBANK0  005B
___awmod@dividend        cstackBANK0  0059
___awmod@divisor         cstackBANK0  0057
___awmod@sign            cstackBANK0  005C
___int_sp                stack        0000
___latbits               (abs)        0002
___sp                    stack        0000
___stackhi               (abs)        0000
___stacklo               (abs)        0000
___wmul                  text8        038D
___wmul@multiplicand     cstackCOMMON 0074
___wmul@multiplier       cstackCOMMON 0072
___wmul@product          cstackBANK0  0053
__end_of___awdiv         text16       02FF
__end_of___awmod         text15       035A
__end_of___wmul          text8        03B8
__end_of__initialization cinit        0036
__end_of__stringtab      strings      048C
__end_of_action          text6        0105
__end_of_app_led7_init   text18       04C3
__end_of_app_led7_task   text13       0195
__end_of_app_uart_init   text9        0465
__end_of_app_uart_task   text2        021A
__end_of_check_err       text7        038D
__end_of_common_init     text12       0478
__end_of_display         text17       049D
__end_of_getdata         text5        0486
__end_of_handle_value    text14       0296
__end_of_main            maintext     03DE
__end_of_receive_init    text11       04B7
__end_of_send_chardata   text4        04A7
__end_of_send_stringdata text3        03FD
__end_of_system_init     text1        0415
__end_of_timer_isr       text19       042B
__end_of_transmit_init   text10       04BD
__initialization         cinit        000F
__pbssBANK0              bssBANK0     0020
__pbssCOMMON             bssCOMMON    0076
__pcstackBANK0           cstackBANK0  0053
__pcstackCOMMON          cstackCOMMON 0070
__pdataBANK0             dataBANK0    0066
__pdataBANK1             dataBANK1    00A0
__pidataBANK0            idataBANK0   04C3
__pidataBANK1            idataBANK1   042B
__pintentry              intentry     0004
__pmaintext              maintext     03B8
__pstrings               strings      0486
__ptext1                 text1        03FD
__ptext10                text10       04B7
__ptext11                text11       04AF
__ptext12                text12       0465
__ptext13                text13       0105
__ptext14                text14       021A
__ptext15                text15       02FF
__ptext16                text16       0296
__ptext17                text17       0492
__ptext18                text18       04BD
__ptext19                text19       0415
__ptext2                 text2        0195
__ptext3                 text3        03DE
__ptext4                 text4        049D
__ptext5                 text5        0478
__ptext6                 text6        003A
__ptext7                 text7        035A
__ptext8                 text8        038D
__ptext9                 text9        0452
__stringbase             strings      048B
__stringtab              strings      0486
_action                  text6        003A
_appBtn1Data             bssBANK0     0042
_appBtn2Data             bssBANK0     003C
_appTimer0Data           bssBANK0     0030
_app_adcData             bssBANK0     0039
_app_led7_init           text18       04BD
_app_led7_task           text13       0105
_app_uartData            bssBANK0     0035
_app_uart_init           text9        0452
_app_uart_task           text2        0195
_appled7Data             bssBANK0     003F
_appledData              bssCOMMON    0076
_check_err               text7        035A
_common_init             text12       0465
_count_delay             bssBANK0     0045
_count_time              bssBANK0     0051
_cur_data                dataBANK0    0066
_data_receiving          bssBANK0     0049
_datas                   bssBANK0     002A
_display                 text17       0492
_do_actionn              bssBANK0     004D
_getdata                 text5        0478
_handle_value            text14       021A
_index_data              bssBANK0     004B
_main                    maintext     03B8
_nRBPU                   (abs)        040F
_next_index_led          bssBANK0     004F
_pass                    bssBANK0     0047
_pre_data                dataBANK0    0067
_pressed                 bssCOMMON    0079
_receive_init            text11       04AF
_seg_data                dataBANK1    00A0
_send_chardata           text4        049D
_send_stringdata         text3        03DE
_system_init             text1        03FD
_timer_isr               text19       0415
_transmit_init           text10       04B7
_values                  bssBANK0     0020
action@a                 cstackBANK0  005B
action@b                 cstackBANK0  005D
action@c                 cstackBANK0  005F
action@d                 cstackBANK0  0061
action@data              cstackBANK0  0063
btemp                    (abs)        007E
check_err@i              cstackCOMMON 0072
clear_ram0               clrtext      04A7
display@i                cstackCOMMON 0072
end_of_initialization    cinit        0036
handle_value@value       cstackBANK0  005D
init_fetch0              inittext     043F
init_ram0                inittext     0443
interrupt_function       intentry     0004
intlevel0                functab      0000
intlevel1                functab      0000
intlevel2                functab      0000
intlevel3                functab      0000
intlevel4                functab      0000
intlevel5                functab      0000
reset_vec                reset_vec    0000
saved_w                  (abs)        007E
send_chardata@data       cstackCOMMON 0072
send_stringdata@s        cstackCOMMON 0073
start                    init         000C
start_initialization     cinit        000F
wtemp0                   (abs)        007E


MODULE INFORMATION

Module		Function		Class		Link	Load	Size
source_led7seg.c
		_display       		CODE           	0492	0000	11
		_handle_value  		CODE           	021A	0000	124
		_app_led7_task 		CODE           	0105	0000	144
		_app_led7_init 		CODE           	04BD	0000	6

source_led7seg.c estimated size: 285

source_uart.c
		_transmit_init 		CODE           	04B7	0000	6
		_send_stringdata		CODE           	03DE	0000	31
		_action        		CODE           	003A	0000	203
		_getdata       		CODE           	0478	0000	14
		_app_uart_task 		CODE           	0195	0000	133
		_app_uart_init 		CODE           	0452	0000	19
		_receive_init  		CODE           	04AF	0000	8
		_check_err     		CODE           	035A	0000	51
		_send_chardata 		CODE           	049D	0000	10
		_common_init   		CODE           	0465	0000	19

source_uart.c estimated size: 494

C:\Program Files\Microchip\xc8\v2.41\pic\sources\c90\common\Umul16.c
		___wmul        		CODE           	038D	0000	43

C:\Program Files\Microchip\xc8\v2.41\pic\sources\c90\common\Umul16.c estimated size: 43

C:\Program Files\Microchip\xc8\v2.41\pic\sources\c90\common\awdiv.c
		___awdiv       		CODE           	0296	0000	105

C:\Program Files\Microchip\xc8\v2.41\pic\sources\c90\common\awdiv.c estimated size: 105

shared
		__stringtab    		STRING         	0486	0000	6
		__initialization		CODE           	000F	0000	39

shared estimated size: 45

source_timer0.c
		_timer_isr     		CODE           	0415	0000	22

source_timer0.c estimated size: 22

C:\Program Files\Microchip\xc8\v2.41\pic\sources\c90\common\awmod.c
		___awmod       		CODE           	02FF	0000	91

C:\Program Files\Microchip\xc8\v2.41\pic\sources\c90\common\awmod.c estimated size: 91

main.c
		_system_init   		CODE           	03FD	0000	24
		_main          		CODE           	03B8	0000	38

main.c estimated size: 62

